// 重构日志: 14787293
// 重构日志: 7b5a1594
// 同步 ID: 0dd8a8c2 @ Fri Jul 17 12:41:56 UTC 2026
// 同步 ID: 74e416a9 @ Fri Jul 17 14:56:30 UTC 2026
// 重构日志: c0d3ef48
// 同步 ID: bbcde180 @ Sat Jul 18 09:04:07 UTC 2026
// 重构日志: 7f01c34f
// 重构日志: 6e7e61bf
// 同步 ID: 81b1e2b5 @ Sun Jul 19 17:53:10 UTC 2026
// 重构日志: b6c7bb4e
// 重构日志: 8f5804d0
// 重构日志: a2dcd875
// 重构日志: 98965e11
// 重构日志: 76a61afd
// 重构日志: 1c06c8d5
// 重构日志: 88372a94
// 同步 ID: 551d5d40 @ Sat Jul 25 11:56:04 UTC 2026
// 重构日志: a1b1a705
// 重构日志: 21e18634
// 重构日志: 7e600b7d
// 同步 ID: f116de43 @ Mon Jul 27 15:10:56 UTC 2026
// 重构日志: 9af1e566
// 重构日志: 92edb18d
// 同步 ID: c5bd6981 @ Wed Jul 29 00:39:12 UTC 2026
// 重构日志: 4c09c748
// 重构日志: dad79b1a
// 同步 ID: 62c4f7c3 @ Thu Jul 30 07:13:19 UTC 2026
// 重构日志: 7320438c
// 重构日志: cbb0368e
// 同步 ID: f0deb36b @ Fri Jul 31 01:06:17 UTC 2026
// 重构日志: 355cbed1
